Archive member included to satisfy reference by file (symbol)

/usr/lib/gcc/arm-none-eabi/4.9.3/../../../arm-none-eabi/lib/armv6-m/libc_nano.a(lib_a-atexit.o)
                              /usr/lib/gcc/arm-none-eabi/4.9.3/../../../arm-none-eabi/lib/armv6-m/crt0.o (atexit)
/usr/lib/gcc/arm-none-eabi/4.9.3/../../../arm-none-eabi/lib/armv6-m/libc_nano.a(lib_a-exit.o)
                              /usr/lib/gcc/arm-none-eabi/4.9.3/../../../arm-none-eabi/lib/armv6-m/crt0.o (exit)
/usr/lib/gcc/arm-none-eabi/4.9.3/../../../arm-none-eabi/lib/armv6-m/libc_nano.a(lib_a-fini.o)
                              /usr/lib/gcc/arm-none-eabi/4.9.3/../../../arm-none-eabi/lib/armv6-m/crt0.o (__libc_fini_array)
/usr/lib/gcc/arm-none-eabi/4.9.3/../../../arm-none-eabi/lib/armv6-m/libc_nano.a(lib_a-impure.o)
                              /usr/lib/gcc/arm-none-eabi/4.9.3/../../../arm-none-eabi/lib/armv6-m/libc_nano.a(lib_a-exit.o) (_global_impure_ptr)
/usr/lib/gcc/arm-none-eabi/4.9.3/../../../arm-none-eabi/lib/armv6-m/libc_nano.a(lib_a-init.o)
                              /usr/lib/gcc/arm-none-eabi/4.9.3/../../../arm-none-eabi/lib/armv6-m/crt0.o (__libc_init_array)
/usr/lib/gcc/arm-none-eabi/4.9.3/../../../arm-none-eabi/lib/armv6-m/libc_nano.a(lib_a-memset.o)
                              /usr/lib/gcc/arm-none-eabi/4.9.3/../../../arm-none-eabi/lib/armv6-m/crt0.o (memset)
/usr/lib/gcc/arm-none-eabi/4.9.3/../../../arm-none-eabi/lib/armv6-m/libc_nano.a(lib_a-__atexit.o)
                              /usr/lib/gcc/arm-none-eabi/4.9.3/../../../arm-none-eabi/lib/armv6-m/libc_nano.a(lib_a-atexit.o) (__register_exitproc)
/usr/lib/gcc/arm-none-eabi/4.9.3/../../../arm-none-eabi/lib/armv6-m/libc_nano.a(lib_a-__call_atexit.o)
                              /usr/lib/gcc/arm-none-eabi/4.9.3/../../../arm-none-eabi/lib/armv6-m/libc_nano.a(lib_a-__atexit.o) (__call_exitprocs)
/usr/lib/gcc/arm-none-eabi/4.9.3/../../../arm-none-eabi/lib/armv6-m/libnosys.a(_exit.o)
                              /usr/lib/gcc/arm-none-eabi/4.9.3/../../../arm-none-eabi/lib/armv6-m/libc_nano.a(lib_a-exit.o) (_exit)
/home/rindy/Desktop/nRF5_SDK_11/components/properitary_rf/gzll/gcc/gzll_gcc.a(nrf_gzll.o)
                              _build/main.o (nrf_gzll_enable)
/home/rindy/Desktop/nRF5_SDK_11/components/properitary_rf/gzll/gcc/gzll_gcc.a(nrf_impala.o)
                              /home/rindy/Desktop/nRF5_SDK_11/components/properitary_rf/gzll/gcc/gzll_gcc.a(nrf_gzll.o) (nrf_impl_disable)
/home/rindy/Desktop/nRF5_SDK_11/components/properitary_rf/gzll/gcc/gzll_gcc.a(nrf_link_core.o)
                              /home/rindy/Desktop/nRF5_SDK_11/components/properitary_rf/gzll/gcc/gzll_gcc.a(nrf_impala.o) (nrf_lcore_start_operation)
/home/rindy/Desktop/nRF5_SDK_11/components/properitary_rf/gzll/gcc/gzll_gcc.a(nrf_notification_manager.o)
                              /home/rindy/Desktop/nRF5_SDK_11/components/properitary_rf/gzll/gcc/gzll_gcc.a(nrf_impala.o) (nrf_nm_init)
/home/rindy/Desktop/nRF5_SDK_11/components/properitary_rf/gzll/gcc/gzll_gcc.a(nrf_packet_manager.o)
                              /home/rindy/Desktop/nRF5_SDK_11/components/properitary_rf/gzll/gcc/gzll_gcc.a(nrf_impala.o) (nrf_pm_init)
/home/rindy/Desktop/nRF5_SDK_11/components/properitary_rf/gzll/gcc/gzll_gcc.a(nrf_state_machine.o)
                              /home/rindy/Desktop/nRF5_SDK_11/components/properitary_rf/gzll/gcc/gzll_gcc.a(nrf_impala.o) (nrf_sm_init)
/home/rindy/Desktop/nRF5_SDK_11/components/properitary_rf/gzll/gcc/gzll_gcc.a(nrf_assert_internal.o)
                              /home/rindy/Desktop/nRF5_SDK_11/components/properitary_rf/gzll/gcc/gzll_gcc.a(nrf_gzll.o) (NRF_ASSERT_INTERNAL_parse_and_forward)
/home/rindy/Desktop/nRF5_SDK_11/components/properitary_rf/gzll/gcc/gzll_gcc.a(nrf_channel_manager.o)
                              /home/rindy/Desktop/nRF5_SDK_11/components/properitary_rf/gzll/gcc/gzll_gcc.a(nrf_impala.o) (nrf_chm_init)
/home/rindy/Desktop/nRF5_SDK_11/components/properitary_rf/gzll/gcc/gzll_gcc.a(nrf_fifo.o)
                              /home/rindy/Desktop/nRF5_SDK_11/components/properitary_rf/gzll/gcc/gzll_gcc.a(nrf_packet_manager.o) (nrf_fifo_init)
/home/rindy/Desktop/nRF5_SDK_11/components/properitary_rf/gzll/gcc/gzll_gcc.a(nrf_flywheel.o)
                              /home/rindy/Desktop/nRF5_SDK_11/components/properitary_rf/gzll/gcc/gzll_gcc.a(nrf_impala.o) (nrf_flw_init)
/usr/lib/gcc/arm-none-eabi/4.9.3/armv6-m/libgcc.a(_thumb1_case_uqi.o)
                              /home/rindy/Desktop/nRF5_SDK_11/components/properitary_rf/gzll/gcc/gzll_gcc.a(nrf_gzll.o) (__gnu_thumb1_case_uqi)
/usr/lib/gcc/arm-none-eabi/4.9.3/armv6-m/libgcc.a(_udivsi3.o)
                              /home/rindy/Desktop/nRF5_SDK_11/components/properitary_rf/gzll/gcc/gzll_gcc.a(nrf_channel_manager.o) (__aeabi_uidiv)
/usr/lib/gcc/arm-none-eabi/4.9.3/armv6-m/libgcc.a(_dvmd_tls.o)
                              /usr/lib/gcc/arm-none-eabi/4.9.3/armv6-m/libgcc.a(_udivsi3.o) (__aeabi_idiv0)
[...]
Memory Configuration

Name             Origin             Length             Attributes
FLASH            0x0000000000000000 0x0000000000040000 xr
RAM              0x0000000020000000 0x0000000000004000 xrw
*default*        0x0000000000000000 0xffffffffffffffff

Linker script and memory map


.text           0x0000000000000000     0x3d0c
 *(.isr_vector)
 .isr_vector    0x0000000000000000       0xc0 _build/gcc_startup_nrf51.o
                0x0000000000000000                __isr_vector
 *(.text*)
 .text          0x00000000000000c0       0xb4 /usr/lib/gcc/arm-none-eabi/4.9.3/armv6-m/crtbegin.o
 .text          0x0000000000000174       0x6c /usr/lib/gcc/arm-none-eabi/4.9.3/../../../arm-none-eabi/lib/armv6-m/crt0.o
                0x0000000000000174                _mainCRTStartup
                0x0000000000000174                _start
 .text.atexit   0x00000000000001e0       0x10 /usr/lib/gcc/arm-none-eabi/4.9.3/../../../arm-none-eabi/lib/armv6-m/libc_nano.a(lib_a-atexit.o)
                0x00000000000001e0                atexit
 .text.exit     0x00000000000001f0       0x2c /usr/lib/gcc/arm-none-eabi/4.9.3/../../../arm-none-eabi/lib/armv6-m/libc_nano.a(lib_a-exit.o)
                0x00000000000001f0                exit
 .text.__libc_fini_array
                0x000000000000021c       0x28 /usr/lib/gcc/arm-none-eabi/4.9.3/../../../arm-none-eabi/lib/armv6-m/libc_nano.a(lib_a-fini.o)
                0x000000000000021c                __libc_fini_array
 .text.__libc_init_array
                0x0000000000000244       0x4c /usr/lib/gcc/arm-none-eabi/4.9.3/../../../arm-none-eabi/lib/armv6-m/libc_nano.a(lib_a-init.o)
                0x0000000000000244                __libc_init_array
 .text.memset   0x0000000000000290       0x10 /usr/lib/gcc/arm-none-eabi/4.9.3/../../../arm-none-eabi/lib/armv6-m/libc_nano.a(lib_a-memset.o)
                0x0000000000000290                memset
 .text.__register_exitproc
                0x00000000000002a0       0xb8 /usr/lib/gcc/arm-none-eabi/4.9.3/../../../arm-none-eabi/lib/armv6-m/libc_nano.a(lib_a-__atexit.o)
                0x00000000000002a0                __register_exitproc
 .text.__call_exitprocs
                0x0000000000000358       0xe8 /usr/lib/gcc/arm-none-eabi/4.9.3/../../../arm-none-eabi/lib/armv6-m/libc_nano.a(lib_a-__call_atexit.o)
                0x0000000000000358                __call_exitprocs
 .text._exit    0x0000000000000440        0x4 /usr/lib/gcc/arm-none-eabi/4.9.3/../../../arm-none-eabi/lib/armv6-m/libnosys.a(_exit.o)
                0x0000000000000440                _exit
 .text.SystemInit
                0x0000000000000444       0xec _build/system_nrf51.o
                0x0000000000000444                SystemInit
 .text.send_data
                0x0000000000000530      0x140 _build/main.o
 .text.handler_maintenance
                0x0000000000000670        0x8 _build/main.o
 .text.handler_debounce
                0x0000000000000678       0xc0 _build/main.o
 .text.startup.main
                0x0000000000000738      0x144 _build/main.o
                0x0000000000000738                main
 .text.GPIOTE_IRQHandler
                0x000000000000087c       0x44 _build/main.o
                0x000000000000087c                GPIOTE_IRQHandler
 .text.nrf_gzll_device_tx_success
                0x00000000000008c0       0x20 _build/main.o
                0x00000000000008c0                nrf_gzll_device_tx_success
 .text.nrf_gzll_device_tx_failed
                0x00000000000008e0        0x8 _build/main.o
                0x00000000000008e0                nrf_gzll_device_tx_failed
 .text.nrf_gzll_host_rx_data_ready
                0x00000000000008e8        0x8 _build/main.o
                0x00000000000008e8                nrf_gzll_host_rx_data_ready
 .text.nrf_gzll_disabled
                0x00000000000008f0        0x4 _build/main.o
                0x00000000000008f0                nrf_gzll_disabled
 .text.nrf_drv_clock_init
                0x00000000000008f4       0x3c _build/nrf_drv_clock.o
                0x00000000000008f4                nrf_drv_clock_init
 .text.nrf_drv_clock_lfclk_request
                0x0000000000000930       0x60 _build/nrf_drv_clock.o
                0x0000000000000930                nrf_drv_clock_lfclk_request
 .text.POWER_CLOCK_IRQHandler
                0x0000000000000990       0x78 _build/nrf_drv_clock.o
                0x0000000000000990                POWER_CLOCK_IRQHandler
 .text.app_util_critical_region_enter
                0x0000000000000a08       0x10 _build/app_util_platform.o
                0x0000000000000a08                app_util_critical_region_enter
 .text.app_util_critical_region_exit
                0x0000000000000a18       0x14 _build/app_util_platform.o
                0x0000000000000a18                app_util_critical_region_exit
 .text.nrf_drv_common_irq_enable
                0x0000000000000a2c       0x80 _build/nrf_drv_common.o
                0x0000000000000a2c                nrf_drv_common_irq_enable
 .text.nrf_drv_rtc_init
                0x0000000000000aac       0x6c _build/nrf_drv_rtc.o
                0x0000000000000aac                nrf_drv_rtc_init
 .text.nrf_drv_rtc_enable
                0x0000000000000b18       0x18 _build/nrf_drv_rtc.o
                0x0000000000000b18                nrf_drv_rtc_enable
 .text.nrf_drv_rtc_disable
                0x0000000000000b30       0x18 _build/nrf_drv_rtc.o
                0x0000000000000b30                nrf_drv_rtc_disable
 .text.nrf_drv_rtc_tick_enable
                0x0000000000000b48       0x24 _build/nrf_drv_rtc.o
                0x0000000000000b48                nrf_drv_rtc_tick_enable
 .text.RTC0_IRQHandler
                0x0000000000000b6c      0x124 _build/nrf_drv_rtc.o
                0x0000000000000b6c                RTC0_IRQHandler
 .text.RTC1_IRQHandler
                0x0000000000000c90      0x124 _build/nrf_drv_rtc.o
                0x0000000000000c90                RTC1_IRQHandler
 .text          0x0000000000000db4       0x4c _build/gcc_startup_nrf51.o
                0x0000000000000db4                Reset_Handler
                0x0000000000000df4                NMI_Handler
                0x0000000000000df6                HardFault_Handler
                0x0000000000000df8                SVC_Handler
                0x0000000000000dfa                PendSV_Handler
                0x0000000000000dfc                SysTick_Handler
                0x0000000000000dfe                SPI0_TWI0_IRQHandler
                0x0000000000000dfe                LPCOMP_IRQHandler
                0x0000000000000dfe                SWI4_IRQHandler
                0x0000000000000dfe                TEMP_IRQHandler
                0x0000000000000dfe                QDEC_IRQHandler
                0x0000000000000dfe                UART0_IRQHandler
                0x0000000000000dfe                SWI5_IRQHandler
                0x0000000000000dfe                TIMER0_IRQHandler
                0x0000000000000dfe                TIMER1_IRQHandler
                0x0000000000000dfe                ECB_IRQHandler
                0x0000000000000dfe                Default_Handler
                0x0000000000000dfe                ADC_IRQHandler
                0x0000000000000dfe                SWI3_IRQHandler
                0x0000000000000dfe                CCM_AAR_IRQHandler
                0x0000000000000dfe                WDT_IRQHandler
                0x0000000000000dfe                SWI2_IRQHandler
                0x0000000000000dfe                RNG_IRQHandler
                0x0000000000000dfe                SPI1_TWI1_IRQHandler
                0x0000000000000dfe                SWI1_IRQHandler
 .text          0x0000000000000e00      0x864 /home/rindy/Desktop/nRF5_SDK_11/components/properitary_rf/gzll/gcc/gzll_gcc.a(nrf_gzll.o)
                0x0000000000000e00                nrf_gzll_enable
                0x0000000000000e24                nrf_gzll_is_enabled
                0x0000000000000e30                nrf_gzll_disable
                0x0000000000000e46                nrf_gzll_add_packet_to_tx_fifo
                0x0000000000000ecc                nrf_gzll_fetch_packet_from_rx_fifo
                0x0000000000000f3c                nrf_gzll_get_tx_fifo_packet_count
                0x0000000000000f58                nrf_gzll_get_rx_fifo_packet_count
                0x0000000000000f74                nrf_gzll_get_total_allocated_packet_count
                0x0000000000000f80                nrf_gzll_ok_to_add_packet_to_tx_fifo
                0x0000000000000fbc                nrf_gzll_flush_tx_fifo
                0x0000000000000ff0                nrf_gzll_flush_rx_fifo
                0x0000000000001010                nrf_gzll_set_mode
                0x0000000000001040                nrf_gzll_get_mode
                0x000000000000106c                nrf_gzll_set_channel_table
                0x00000000000010c8                nrf_gzll_get_channel_table
                0x0000000000001104                nrf_gzll_get_channel_table_size
                0x0000000000001110                nrf_gzll_set_base_address_0
                0x0000000000001138                nrf_gzll_get_base_address_0
                0x0000000000001140                nrf_gzll_set_base_address_1
                0x0000000000001168                nrf_gzll_get_base_address_1
                0x0000000000001170                nrf_gzll_set_address_prefix_byte
                0x00000000000011a4                nrf_gzll_get_address_prefix_byte
                0x00000000000011cc                nrf_gzll_set_rx_pipes_enabled
                0x00000000000011f4                nrf_gzll_get_rx_pipes_enabled
                0x00000000000011fc                nrf_gzll_set_datarate
                0x0000000000001240                nrf_gzll_get_datarate
                0x0000000000001258                nrf_gzll_set_tx_power
                0x00000000000012b0                nrf_gzll_get_tx_power
                0x00000000000012ee                nrf_gzll_set_timeslot_period
                0x0000000000001314                nrf_gzll_get_timeslot_period
                0x000000000000131c                nrf_gzll_set_sync_lifetime
                0x0000000000001344                nrf_gzll_get_sync_lifetime
                0x000000000000134c                nrf_gzll_set_timeslots_per_channel_when_device_out_of_sync
                0x0000000000001374                nrf_gzll_get_timeslots_per_channel_when_device_out_of_sync
                0x000000000000137c                nrf_gzll_set_timeslots_per_channel
                0x00000000000013a4                nrf_gzll_get_timeslots_per_channel
                0x00000000000013ac                nrf_gzll_set_max_tx_attempts
                0x00000000000013d4                nrf_gzll_get_max_tx_attempts
                0x00000000000013dc                nrf_gzll_set_device_channel_selection_policy
                0x0000000000001414                nrf_gzll_get_device_channel_selection_policy
                0x0000000000001422                nrf_gzll_set_xosc_ctl
                0x0000000000001458                nrf_gzll_init
                0x00000000000014e4                nrf_gzll_get_xosc_ctl
                0x00000000000014f2                nrf_gzll_clear_tick_count
                0x0000000000001500                nrf_gzll_get_tick_count
                0x000000000000150c                nrf_gzll_set_auto_disable
                0x0000000000001524                nrf_gzll_get_error_code
                0x0000000000001530                nrf_gzll_reset_error_code
                0x000000000000153c                nrf_gzll_get_internal_debug_code
                0x0000000000001548                nrf_gzll_reset_internal_debug_code
                0x0000000000001554                nrf_gzll_mode_changed
                0x0000000000001556                notification_cb
                0x0000000000001650                nrf_assert_internal_callback
 .text          0x0000000000001664     0x119c /home/rindy/Desktop/nRF5_SDK_11/components/properitary_rf/gzll/gcc/gzll_gcc.a(nrf_impala.o)
                0x0000000000001a2c                nrf_gpio_debug_pin_write
                0x0000000000001a2e                nrf_impl_disable
                0x0000000000001a58                nrf_impl_is_disabled
                0x0000000000001a68                nrf_impl_get_mode
                0x0000000000001a74                nrf_impl_reserve_packet
                0x0000000000001a88                nrf_impl_free_packet
                0x0000000000001a9c                nrf_impl_put_tx_fifo
                0x0000000000001ad4                nrf_impl_pop_rx_fifo
                0x0000000000001ae8                nrf_impl_read_rx_fifo
                0x0000000000001af0                nrf_impl_read_tx_fifo
                0x0000000000001b04                nrf_impl_get_tx_fifo_status
                0x0000000000001b0c                nrf_impl_get_rx_fifo_status
                0x0000000000001b14                nrf_impl_get_available_fifo_packets
                0x0000000000001b1c                nrf_impl_flush_tx_fifo
                0x0000000000001b50                nrf_impl_flush_rx_fifo
                0x0000000000001b64                nrf_impl_set_pipe_0_base_address
                0x0000000000001b84                nrf_impl_get_pipe_0_base_address
                0x0000000000001b90                nrf_impl_set_pipes_1_to_7_base_address
                0x0000000000001bac                nrf_impl_get_pipes_1_to_7_base_address
                0x0000000000001bb8                nrf_impl_set_prefix_byte
                0x0000000000001c10                nrf_impl_get_prefix_byte
                0x0000000000001c30                nrf_impl_set_channel_table
                0x0000000000001c64                nrf_impl_set_sync_lifetime
                0x0000000000001c70                nrf_impl_get_sync_lifetime
                0x0000000000001c7c                nrf_impl_set_base_address_length
                0x0000000000001ca4                nrf_impl_get_base_address_length
                0x0000000000001cb0                nrf_impl_set_rx_pipes_enabled
                0x0000000000001cbc                nrf_impl_get_rx_pipes_enabled
                0x0000000000001cc8                nrf_impl_set_timeslot_period
                0x0000000000001cd4                nrf_impl_get_timeslot_period
                0x0000000000001ce0                nrf_impl_set_timeslots_per_channel_when_in_sync
                0x0000000000001cf0                nrf_impl_get_timeslots_per_channel_when_in_sync
                0x0000000000001cfc                nrf_impl_set_timeslots_per_channel_when_out_of_sync
                0x0000000000001d0c                nrf_impl_get_timeslots_per_channel_when_out_of_sync
                0x0000000000001d18                nrf_impl_set_max_allowed_tx_attempts
                0x0000000000001d24                nrf_impl_get_max_allowed_tx_attempts
                0x0000000000001d30                nrf_impl_set_tx_power
                0x0000000000001d4c                nrf_impl_get_tx_power
                0x0000000000001d58                nrf_impl_set_crc_length
                0x0000000000001de0                nrf_impl_get_crc_length
                0x0000000000001dec                nrf_impl_set_datarate
                0x0000000000002078                nrf_impl_set_mode
                0x00000000000020a8                nrf_impl_enable
                0x0000000000002108                nrf_impl_init
                0x000000000000228c                nrf_impl_get_datarate
                0x0000000000002298                nrf_impl_enable_rssi
                0x00000000000022bc                nrf_impl_set_channel_selection_policy
                0x00000000000022c8                nrf_impl_get_channel_selection_policy
                0x00000000000022d4                nrf_impl_set_idle_activity_config
                0x00000000000022e0                nrf_impl_get_idle_activity_config
                0x00000000000022ec                nrf_impl_set_xosc_ctl
                0x00000000000022f8                nrf_impl_get_xosc_ctl
                0x0000000000002304                nrf_impl_set_dyn_ack_enable
                0x000000000000230c                nrf_impl_state_fun_device_send_packet
                0x0000000000002350                async_state_rx_active
                0x0000000000002384                async_state_rx_enabling
                0x000000000000240c                async_state_tx_ack_complete
                0x0000000000002420                async_state_packet_received
                0x00000000000025c0                nrf_impl_state_fun_timeslot_start
 .text          0x0000000000002800      0x600 /home/rindy/Desktop/nRF5_SDK_11/components/properitary_rf/gzll/gcc/gzll_gcc.a(nrf_link_core.o)
                0x00000000000029d4                nrf_lcore_start_operation
                0x0000000000002a7c                nrf_lcore_rx_address_match
                0x0000000000002a8c                nrf_lcore_force_disable
                0x0000000000002afc                nrf_lcore_init
                0x0000000000002b54                RADIO_IRQHandler
                0x0000000000002cfc                TESTONLY_current_state_is_legal
                0x0000000000002d20                nrf_lcore_prepare_operation
                0x0000000000002dfc                print_lc_debug_info
 .text          0x0000000000002e00      0x108 /home/rindy/Desktop/nRF5_SDK_11/components/properitary_rf/gzll/gcc/gzll_gcc.a(nrf_notification_manager.o)
                0x0000000000002e00                nrf_nm_init
                0x0000000000002e34                nrf_nm_add
                0x0000000000002e98                nrf_nm_get_remaining_space_in_notification_queue
                0x0000000000002eac                SWI0_IRQHandler
 .text          0x0000000000002f08      0x4d4 /home/rindy/Desktop/nRF5_SDK_11/components/properitary_rf/gzll/gcc/gzll_gcc.a(nrf_packet_manager.o)
                0x0000000000002f3c                nrf_pm_init
                0x0000000000002f98                nrf_pm_get_ack_payload_pending
                0x0000000000002fa4                nrf_pm_there_is_ptx_packet_to_be_serviced
                0x0000000000002fb0                nrf_pm_get_current_ptx_pipe
                0x0000000000002fbc                nrf_pm_get_current_ptx_packet
                0x0000000000002fc8                nrf_pm_get_current_ptx_ack_ptr
                0x0000000000002fd4                nrf_pm_start_prx
                0x0000000000003020                nrf_pm_search_for_ptx_pipe_to_service
                0x00000000000030a0                nrf_pm_end_prx
                0x00000000000031d8                nrf_pm_end_ptx
                0x0000000000003270                nrf_pm_get_state
                0x000000000000327c                nrf_pm_put_tx_fifo
                0x00000000000032a2                nrf_pm_read_tx_fifo
                0x00000000000032aa                nrf_pm_flush_tx_fifo
                0x00000000000032ba                nrf_pm_get_tx_fifo_status
                0x00000000000032c2                nrf_pm_read_rx_fifo
                0x00000000000032cc                nrf_pm_pop_rx_fifo
                0x00000000000032d6                nrf_pm_flush_rx_fifo
                0x00000000000032e0                nrf_pm_get_rx_fifo_status
                0x00000000000032ea                nrf_pm_start_ptx
                0x00000000000033a8                nrf_pm_reserve_packet
                0x00000000000033b0                nrf_pm_free_packet
                0x00000000000033b8                nrf_pm_get_available_fifo_packets
                0x00000000000033c0                nrf_pm_set_dyn_ack_status
                0x00000000000033cc                nrf_pm_get_dyn_ack_status
                0x00000000000033d8                pm_tx_pipe_to_nrf_fifo_pipe
 .text          0x00000000000033dc       0x70 /home/rindy/Desktop/nRF5_SDK_11/components/properitary_rf/gzll/gcc/gzll_gcc.a(nrf_state_machine.o)
                0x00000000000033dc                nrf_sm_init
                0x00000000000033ec                nrf_sm_set_next_state
                0x0000000000003408                nrf_sm_get_current_state
                0x0000000000003414                nrf_sm_get_prev_state
                0x0000000000003420                nrf_sm_get_next_state
                0x000000000000342c                nrf_sm_execute
 .text          0x000000000000344c        0x8 /home/rindy/Desktop/nRF5_SDK_11/components/properitary_rf/gzll/gcc/gzll_gcc.a(nrf_assert_internal.o)
                0x000000000000344c                NRF_ASSERT_INTERNAL_parse_and_forward
 .text          0x0000000000003454      0x20c /home/rindy/Desktop/nRF5_SDK_11/components/properitary_rf/gzll/gcc/gzll_gcc.a(nrf_channel_manager.o)
                0x0000000000003454                nrf_chm_init
                0x0000000000003474                nrf_chm_execute_single_tick
                0x00000000000034a0                nrf_chm_execute_ticks
                0x0000000000003504                nrf_chm_ticks_until_channel_switch
                0x0000000000003514                nrf_chm_ticks_until_desired_channel
                0x0000000000003554                nrf_chm_ticks_until_current_timeslot_in_range
                0x0000000000003598                nrf_chm_ticks_until_current_timeslot_in_range_on_desired_channel
                0x00000000000035d8                nrf_chm_get_current_channel
                0x0000000000003600                nrf_chm_set_current_channel_index
                0x0000000000003624                nrf_chm_get_current_channel_index
                0x0000000000003630                nrf_chm_set_current_timeslot
                0x0000000000003654                nrf_chm_get_current_timeslot
 .text          0x0000000000003660      0x294 /home/rindy/Desktop/nRF5_SDK_11/components/properitary_rf/gzll/gcc/gzll_gcc.a(nrf_fifo.o)
                0x00000000000036b0                nrf_fifo_init
                0x0000000000003704                nrf_fifo_reserve_packet
                0x0000000000003740                nrf_fifo_free_packet
                0x000000000000379c                nrf_fifo_put_packet
                0x0000000000003808                nrf_fifo_pop_packet
                0x0000000000003858                nrf_fifo_read_packet
                0x000000000000388c                nrf_fifo_get_packet_count
                0x00000000000038ac                nrf_fifo_get_available_packet_count
                0x00000000000038b8                nrf_fifo_flush
 .text          0x00000000000038f4      0x258 /home/rindy/Desktop/nRF5_SDK_11/components/properitary_rf/gzll/gcc/gzll_gcc.a(nrf_flywheel.o)
                0x00000000000038f4                nrf_flw_init
                0x000000000000396c                nrf_flw_start
                0x0000000000003984                nrf_flw_stop
                0x00000000000039bc                nrf_flw_get_runstate
                0x00000000000039c8                nrf_flw_task_is_delayed
                0x00000000000039d4                NRF_flw_prepare_call
                0x0000000000003ad0                nrf_flw_get_ext_capture_task
                0x0000000000003ad8                nrf_flw_get_flw_call_event
                0x0000000000003ae0                TIMER2_IRQHandler
 .text          0x0000000000003b4c       0x14 /usr/lib/gcc/arm-none-eabi/4.9.3/armv6-m/libgcc.a(_thumb1_case_uqi.o)
                0x0000000000003b4c                __gnu_thumb1_case_uqi
 .text          0x0000000000003b60      0x120 /usr/lib/gcc/arm-none-eabi/4.9.3/armv6-m/libgcc.a(_udivsi3.o)
                0x0000000000003b60                __udivsi3
                0x0000000000003b60                __aeabi_uidiv
                0x0000000000003c6c                __aeabi_uidivmod
 .text          0x0000000000003c80        0x4 /usr/lib/gcc/arm-none-eabi/4.9.3/armv6-m/libgcc.a(_dvmd_tls.o)
                0x0000000000003c80                __aeabi_ldiv0
                0x0000000000003c80                __aeabi_idiv0
 .text.memcpy   0x0000000000003c84       0x12 /usr/lib/gcc/arm-none-eabi/4.9.3/../../../arm-none-eabi/lib/armv6-m/libc_nano.a(lib_a-memcpy.o)
                0x0000000000003c84                memcpy
 *(.init)
 *fill*         0x0000000000003c96        0x2 
 .init          0x0000000000003c98        0x4 /usr/lib/gcc/arm-none-eabi/4.9.3/armv6-m/crti.o
                0x0000000000003c98                _init
 .init          0x0000000000003c9c        0x8 /usr/lib/gcc/arm-none-eabi/4.9.3/armv6-m/crtn.o
 *(.fini)
 .fini          0x0000000000003ca4        0x4 /usr/lib/gcc/arm-none-eabi/4.9.3/armv6-m/crti.o
                0x0000000000003ca4                _fini
 .fini          0x0000000000003ca8        0x8 /usr/lib/gcc/arm-none-eabi/4.9.3/armv6-m/crtn.o
 *crtbegin.o(.ctors)
 *crtbegin?.o(.ctors)
 *(EXCLUDE_FILE(*crtend.o *crtend?.o) .ctors)
 *(SORT(.ctors.*))
 *(.ctors)
 *crtbegin.o(.dtors)
 *crtbegin?.o(.dtors)
 *(EXCLUDE_FILE(*crtend.o *crtend?.o) .dtors)
 *(SORT(.dtors.*))
 *(.dtors)
 *(.rodata*)
 .rodata.str1.1
                0x0000000000003cb0        0x2 /usr/lib/gcc/arm-none-eabi/4.9.3/../../../arm-none-eabi/lib/armv6-m/libc_nano.a(lib_a-impure.o)
 *fill*         0x0000000000003cb2        0x2 
 .rodata._global_impure_ptr
                0x0000000000003cb4        0x4 /usr/lib/gcc/arm-none-eabi/4.9.3/../../../arm-none-eabi/lib/armv6-m/libc_nano.a(lib_a-impure.o)
                0x0000000000003cb4                _global_impure_ptr
 .rodata.rtc_deb
                0x0000000000003cb8        0x8 _build/main.o
                0x0000000000003cb8                rtc_deb
 .rodata.rtc_maint
                0x0000000000003cc0        0x8 _build/main.o
                0x0000000000003cc0                rtc_maint
 .rodata.m_default_config
                0x0000000000003cc8        0xc _build/nrf_drv_rtc.o
 .rodata        0x0000000000003cd4        0x2 /home/rindy/Desktop/nRF5_SDK_11/components/properitary_rf/gzll/gcc/gzll_gcc.a(nrf_gzll.o)
 *fill*         0x0000000000003cd6        0x2 
 .rodata        0x0000000000003cd8       0x30 /home/rindy/Desktop/nRF5_SDK_11/components/properitary_rf/gzll/gcc/gzll_gcc.a(nrf_link_core.o)
 *(.eh_frame*)
 .eh_frame      0x0000000000003d08        0x0 /usr/lib/gcc/arm-none-eabi/4.9.3/armv6-m/crtbegin.o
 .eh_frame      0x0000000000003d08        0x4 /usr/lib/gcc/arm-none-eabi/4.9.3/armv6-m/crtend.o

.glue_7         0x0000000000003d0c        0x0
 .glue_7        0x0000000000003d0c        0x0 linker stubs

.glue_7t        0x0000000000003d0c        0x0
 .glue_7t       0x0000000000003d0c        0x0 linker stubs

.vfp11_veneer   0x0000000000003d0c        0x0
 .vfp11_veneer  0x0000000000003d0c        0x0 linker stubs

.v4_bx          0x0000000000003d0c        0x0
 .v4_bx         0x0000000000003d0c        0x0 linker stubs

.iplt           0x0000000000003d0c        0x0
 .iplt          0x0000000000003d0c        0x0 /usr/lib/gcc/arm-none-eabi/4.9.3/armv6-m/crtbegin.o

.ARM.extab
 *(.ARM.extab* .gnu.linkonce.armextab.*)
                0x0000000000003d0c                __exidx_start = .

.ARM.exidx      0x0000000000003d0c        0x8
 *(.ARM.exidx* .gnu.linkonce.armexidx.*)
 .ARM.exidx     0x0000000000003d0c        0x8 /usr/lib/gcc/arm-none-eabi/4.9.3/../../../arm-none-eabi/lib/armv6-m/crt0.o
                0x0000000000003d14                __exidx_end = .
                0x0000000000003d14                __etext = .

.rel.dyn        0x0000000000003d14        0x0
 .rel.iplt      0x0000000000003d14        0x0 /usr/lib/gcc/arm-none-eabi/4.9.3/armv6-m/crtbegin.o

.data           0x0000000020000000       0x88 load address 0x0000000000003d14
                0x0000000020000000                __data_start__ = .
 *(vtable)
 *(.data*)
 .data.impure_data
                0x0000000020000000       0x60 /usr/lib/gcc/arm-none-eabi/4.9.3/../../../arm-none-eabi/lib/armv6-m/libc_nano.a(lib_a-impure.o)
 .data          0x0000000020000060       0x14 /home/rindy/Desktop/nRF5_SDK_11/components/properitary_rf/gzll/gcc/gzll_gcc.a(nrf_gzll.o)
 .data          0x0000000020000074        0x8 /home/rindy/Desktop/nRF5_SDK_11/components/properitary_rf/gzll/gcc/gzll_gcc.a(nrf_state_machine.o)
                0x0000000020000074                state_functions
                0x000000002000007c                . = ALIGN (0x4)
                0x000000002000007c                PROVIDE (__preinit_array_start, .)
 *(.preinit_array)
                0x000000002000007c                PROVIDE (__preinit_array_end, .)
                0x000000002000007c                . = ALIGN (0x4)
                0x000000002000007c                PROVIDE (__init_array_start, .)
 *(SORT(.init_array.*))
 *(.init_array)
 .init_array    0x000000002000007c        0x4 /usr/lib/gcc/arm-none-eabi/4.9.3/armv6-m/crtbegin.o
                0x0000000020000080                PROVIDE (__init_array_end, .)
                0x0000000020000080                . = ALIGN (0x4)
                0x0000000020000080                PROVIDE (__fini_array_start, .)
 *(SORT(.fini_array.*))
 *(.fini_array)
 .fini_array    0x0000000020000080        0x4 /usr/lib/gcc/arm-none-eabi/4.9.3/armv6-m/crtbegin.o
                0x0000000020000084                PROVIDE (__fini_array_end, .)
 *(.jcr*)
 .jcr           0x0000000020000084        0x0 /usr/lib/gcc/arm-none-eabi/4.9.3/armv6-m/crtbegin.o
 .jcr           0x0000000020000084        0x4 /usr/lib/gcc/arm-none-eabi/4.9.3/armv6-m/crtend.o
                0x0000000020000088                . = ALIGN (0x4)
                0x0000000020000088                __data_end__ = .
LOAD /usr/lib/gcc/arm-none-eabi/4.9.3/armv6-m/crti.o
LOAD /usr/lib/gcc/arm-none-eabi/4.9.3/armv6-m/crtbegin.o
LOAD /usr/lib/gcc/arm-none-eabi/4.9.3/../../../arm-none-eabi/lib/armv6-m/crt0.o
LOAD /usr/lib/gcc/arm-none-eabi/4.9.3/../../../arm-none-eabi/lib/armv6-m/libc_nano.a
LOAD /usr/lib/gcc/arm-none-eabi/4.9.3/../../../arm-none-eabi/lib/armv6-m/libnosys.a
LOAD _build/system_nrf51.o
LOAD _build/main.o
LOAD _build/nrf_delay.o
LOAD _build/nrf_drv_clock.o
LOAD _build/app_util_platform.o
LOAD _build/nrf_drv_common.o
LOAD _build/nrf_drv_rtc.o
LOAD _build/gcc_startup_nrf51.o
LOAD /home/rindy/Desktop/nRF5_SDK_11/components/properitary_rf/gzll/gcc/gzll_gcc.a
LOAD /usr/lib/gcc/arm-none-eabi/4.9.3/../../../arm-none-eabi/lib/armv6-m/libm.a
START GROUP
LOAD /usr/lib/gcc/arm-none-eabi/4.9.3/armv6-m/libgcc.a
LOAD /usr/lib/gcc/arm-none-eabi/4.9.3/../../../arm-none-eabi/lib/armv6-m/libc_nano.a
END GROUP
START GROUP
LOAD /usr/lib/gcc/arm-none-eabi/4.9.3/armv6-m/libgcc.a
LOAD /usr/lib/gcc/arm-none-eabi/4.9.3/../../../arm-none-eabi/lib/armv6-m/libc_nano.a
END GROUP
LOAD /usr/lib/gcc/arm-none-eabi/4.9.3/armv6-m/crtend.o
LOAD /usr/lib/gcc/arm-none-eabi/4.9.3/armv6-m/crtn.o
START GROUP
LOAD /usr/lib/gcc/arm-none-eabi/4.9.3/armv6-m/libgcc.a
LOAD /usr/lib/gcc/arm-none-eabi/4.9.3/../../../arm-none-eabi/lib/armv6-m/libc.a
LOAD /usr/lib/gcc/arm-none-eabi/4.9.3/../../../arm-none-eabi/lib/armv6-m/libnosys.a
END GROUP

.tm_clone_table
                0x0000000020000088        0x0 load address 0x0000000000003d9c
 .tm_clone_table
                0x0000000020000088        0x0 /usr/lib/gcc/arm-none-eabi/4.9.3/armv6-m/crtbegin.o
 .tm_clone_table
                0x0000000020000088        0x0 /usr/lib/gcc/arm-none-eabi/4.9.3/armv6-m/crtend.o

.igot.plt       0x0000000020000088        0x0 load address 0x0000000000003d9c
 .igot.plt      0x0000000020000088        0x0 /usr/lib/gcc/arm-none-eabi/4.9.3/armv6-m/crtbegin.o

.fs_data        0x0000000020000088        0x0
                [!provide]                        PROVIDE (__start_fs_data, .)
 *(.fs_data)
                [!provide]                        PROVIDE (__stop_fs_data, .)

.bss            0x0000000020000088      0x4e4 load address 0x0000000000003d9c
                0x0000000020000088                . = ALIGN (0x4)
                0x0000000020000088                __bss_start__ = .
 *(.bss*)
 .bss           0x0000000020000088       0x1c /usr/lib/gcc/arm-none-eabi/4.9.3/armv6-m/crtbegin.o
 .bss._global_atexit0
                0x00000000200000a4       0x8c /usr/lib/gcc/arm-none-eabi/4.9.3/../../../arm-none-eabi/lib/armv6-m/libc_nano.a(lib_a-__atexit.o)
 .bss._global_atexit
                0x0000000020000130        0x4 /usr/lib/gcc/arm-none-eabi/4.9.3/../../../arm-none-eabi/lib/armv6-m/libc_nano.a(lib_a-__call_atexit.o)
                0x0000000020000130                _global_atexit
 .bss.debouncing
                0x0000000020000134        0x1 _build/main.o
 *fill*         0x0000000020000135        0x3 
 .bss.ack_payload
                0x0000000020000138       0x20 _build/main.o
 .bss.data_payload
                0x0000000020000158        0x4 _build/main.o
 .bss.keys      0x000000002000015c        0x4 _build/main.o
 .bss.debounce_ticks
                0x0000000020000160        0x4 _build/main.o
 .bss.keys_snapshot
                0x0000000020000164        0x4 _build/main.o
 .bss.activity_ticks
                0x0000000020000168        0x4 _build/main.o
 .bss.m_clock_cb
                0x000000002000016c       0x14 _build/nrf_drv_clock.o
 .bss.m_in_critical_region
                0x0000000020000180        0x4 _build/app_util_platform.o
 .bss.m_handlers
                0x0000000020000184        0x8 _build/nrf_drv_rtc.o
 .bss.m_cb      0x000000002000018c        0x6 _build/nrf_drv_rtc.o
 *fill*         0x0000000020000192        0x2 
 .bss           0x0000000020000194       0x18 /home/rindy/Desktop/nRF5_SDK_11/components/properitary_rf/gzll/gcc/gzll_gcc.a(nrf_gzll.o)
                0x00000000200001a8                assert_count
 .bss           0x00000000200001ac       0x10 /home/rindy/Desktop/nRF5_SDK_11/components/properitary_rf/gzll/gcc/gzll_gcc.a(nrf_impala.o)
 .bss           0x00000000200001bc        0x4 /home/rindy/Desktop/nRF5_SDK_11/components/properitary_rf/gzll/gcc/gzll_gcc.a(nrf_link_core.o)
 .bss           0x00000000200001c0        0xc /home/rindy/Desktop/nRF5_SDK_11/components/properitary_rf/gzll/gcc/gzll_gcc.a(nrf_channel_manager.o)
 .bss           0x00000000200001cc        0x8 /home/rindy/Desktop/nRF5_SDK_11/components/properitary_rf/gzll/gcc/gzll_gcc.a(nrf_flywheel.o)
 *(COMMON)
 COMMON         0x00000000200001d4        0x1 /home/rindy/Desktop/nRF5_SDK_11/components/properitary_rf/gzll/gcc/gzll_gcc.a(nrf_gzll.o)
                0x00000000200001d4                nrf_gzll_error_code
 *fill*         0x00000000200001d5        0x3 
 COMMON         0x00000000200001d8       0x6c /home/rindy/Desktop/nRF5_SDK_11/components/properitary_rf/gzll/gcc/gzll_gcc.a(nrf_impala.o)
                0x00000000200001d8                nrf_impl_status
                0x00000000200001f4                lcore_config
                0x000000002000020c                impl_async_state
                0x0000000020000210                impl_internal_params
 COMMON         0x0000000020000244       0x24 /home/rindy/Desktop/nRF5_SDK_11/components/properitary_rf/gzll/gcc/gzll_gcc.a(nrf_link_core.o)
                0x0000000020000244                nrf_lcore_status
 COMMON         0x0000000020000268       0x88 /home/rindy/Desktop/nRF5_SDK_11/components/properitary_rf/gzll/gcc/gzll_gcc.a(nrf_notification_manager.o)
                0x0000000020000268                nm_status
 COMMON         0x00000000200002f0       0x9c /home/rindy/Desktop/nRF5_SDK_11/components/properitary_rf/gzll/gcc/gzll_gcc.a(nrf_packet_manager.o)
                0x00000000200002f0                pm_status
                0x0000000020000384                nrf_pm_ack_payload_pending
 COMMON         0x000000002000038c        0x3 /home/rindy/Desktop/nRF5_SDK_11/components/properitary_rf/gzll/gcc/gzll_gcc.a(nrf_state_machine.o)
                0x000000002000038c                sm_status
 *fill*         0x000000002000038f        0x1 
 COMMON         0x0000000020000390      0x1d8 /home/rindy/Desktop/nRF5_SDK_11/components/properitary_rf/gzll/gcc/gzll_gcc.a(nrf_fifo.o)
                0x0000000020000390                available_packet_count
                0x0000000020000394                available_packets
                0x00000000200003ac                pipe_status
                0x00000000200003dc                fifo_contents
                0x000000002000049c                packet_pool
 COMMON         0x0000000020000568        0x1 /home/rindy/Desktop/nRF5_SDK_11/components/properitary_rf/gzll/gcc/gzll_gcc.a(nrf_flywheel.o)
                0x0000000020000568                runstate
                0x000000002000056c                . = ALIGN (0x4)
 *fill*         0x0000000020000569        0x3 
                0x000000002000056c                __bss_end__ = .

.heap           0x0000000020000570      0x800
                0x0000000020000570                __end__ = .
                [!provide]                        PROVIDE (end, .)
 *(.heap*)
 .heap          0x0000000020000570      0x800 _build/gcc_startup_nrf51.o
                0x0000000020000570                __HeapBase
                0x0000000020000d70                __HeapLimit = .

.stack_dummy    0x0000000020000570      0x800
 *(.stack*)
 .stack         0x0000000020000570      0x800 _build/gcc_startup_nrf51.o
                0x0000000020004000                __StackTop = (ORIGIN (RAM) + LENGTH (RAM))
                0x0000000020003800                __StackLimit = (__StackTop - SIZEOF (.stack_dummy))
                0x0000000020004000                PROVIDE (__stack, __StackTop)
                0x0000000000000001                ASSERT ((__StackLimit >= __HeapLimit), region RAM overflowed with stack)
OUTPUT(_build/nrf51822_xxac.out elf32-littlearm)

.ARM.attributes
                0x0000000000000000       0x28
 .ARM.attributes
                0x0000000000000000       0x1e /usr/lib/gcc/arm-none-eabi/4.9.3/armv6-m/crti.o
 .ARM.attributes
                0x000000000000001e       0x2c /usr/lib/gcc/arm-none-eabi/4.9.3/armv6-m/crtbegin.o
 .ARM.attributes
                0x000000000000004a       0x1b /usr/lib/gcc/arm-none-eabi/4.9.3/../../../arm-none-eabi/lib/armv6-m/crt0.o
 .ARM.attributes
                0x0000000000000065       0x2c /usr/lib/gcc/arm-none-eabi/4.9.3/../../../arm-none-eabi/lib/armv6-m/libc_nano.a(lib_a-atexit.o)
 .ARM.attributes
                0x0000000000000091       0x2c /usr/lib/gcc/arm-none-eabi/4.9.3/../../../arm-none-eabi/lib/armv6-m/libc_nano.a(lib_a-exit.o)
 .ARM.attributes
                0x00000000000000bd       0x2c /usr/lib/gcc/arm-none-eabi/4.9.3/../../../arm-none-eabi/lib/armv6-m/libc_nano.a(lib_a-fini.o)
 .ARM.attributes
                0x00000000000000e9       0x2c /usr/lib/gcc/arm-none-eabi/4.9.3/../../../arm-none-eabi/lib/armv6-m/libc_nano.a(lib_a-impure.o)
 .ARM.attributes
                0x0000000000000115       0x2c /usr/lib/gcc/arm-none-eabi/4.9.3/../../../arm-none-eabi/lib/armv6-m/libc_nano.a(lib_a-init.o)
 .ARM.attributes
                0x0000000000000141       0x2c /usr/lib/gcc/arm-none-eabi/4.9.3/../../../arm-none-eabi/lib/armv6-m/libc_nano.a(lib_a-memset.o)
 .ARM.attributes
                0x000000000000016d       0x2c /usr/lib/gcc/arm-none-eabi/4.9.3/../../../arm-none-eabi/lib/armv6-m/libc_nano.a(lib_a-__atexit.o)
 .ARM.attributes
                0x0000000000000199       0x2c /usr/lib/gcc/arm-none-eabi/4.9.3/../../../arm-none-eabi/lib/armv6-m/libc_nano.a(lib_a-__call_atexit.o)
 .ARM.attributes
                0x00000000000001c5       0x2c /usr/lib/gcc/arm-none-eabi/4.9.3/../../../arm-none-eabi/lib/armv6-m/libnosys.a(_exit.o)
 .ARM.attributes
                0x00000000000001f1       0x31 _build/system_nrf51.o
 .ARM.attributes
                0x0000000000000222       0x31 _build/main.o
 .ARM.attributes
                0x0000000000000253       0x31 _build/nrf_drv_clock.o
 .ARM.attributes
                0x0000000000000284       0x31 _build/app_util_platform.o
 .ARM.attributes
                0x00000000000002b5       0x31 _build/nrf_drv_common.o
 .ARM.attributes
                0x00000000000002e6       0x31 _build/nrf_drv_rtc.o
 .ARM.attributes
                0x0000000000000317       0x1b _build/gcc_startup_nrf51.o
 .ARM.attributes
                0x0000000000000332       0x31 /home/rindy/Desktop/nRF5_SDK_11/components/properitary_rf/gzll/gcc/gzll_gcc.a(nrf_gzll.o)
 .ARM.attributes
                0x0000000000000363       0x31 /home/rindy/Desktop/nRF5_SDK_11/components/properitary_rf/gzll/gcc/gzll_gcc.a(nrf_impala.o)
 .ARM.attributes
                0x0000000000000394       0x31 /home/rindy/Desktop/nRF5_SDK_11/components/properitary_rf/gzll/gcc/gzll_gcc.a(nrf_link_core.o)
 .ARM.attributes
                0x00000000000003c5       0x31 /home/rindy/Desktop/nRF5_SDK_11/components/properitary_rf/gzll/gcc/gzll_gcc.a(nrf_notification_manager.o)
 .ARM.attributes
                0x00000000000003f6       0x31 /home/rindy/Desktop/nRF5_SDK_11/components/properitary_rf/gzll/gcc/gzll_gcc.a(nrf_packet_manager.o)
 .ARM.attributes
                0x0000000000000427       0x31 /home/rindy/Desktop/nRF5_SDK_11/components/properitary_rf/gzll/gcc/gzll_gcc.a(nrf_state_machine.o)
 .ARM.attributes
                0x0000000000000458       0x31 /home/rindy/Desktop/nRF5_SDK_11/components/properitary_rf/gzll/gcc/gzll_gcc.a(nrf_assert_internal.o)
 .ARM.attributes
                0x0000000000000489       0x31 /home/rindy/Desktop/nRF5_SDK_11/components/properitary_rf/gzll/gcc/gzll_gcc.a(nrf_channel_manager.o)
 .ARM.attributes
                0x00000000000004ba       0x31 /home/rindy/Desktop/nRF5_SDK_11/components/properitary_rf/gzll/gcc/gzll_gcc.a(nrf_fifo.o)
 .ARM.attributes
                0x00000000000004eb       0x31 /home/rindy/Desktop/nRF5_SDK_11/components/properitary_rf/gzll/gcc/gzll_gcc.a(nrf_flywheel.o)
 .ARM.attributes
                0x000000000000051c       0x1e /usr/lib/gcc/arm-none-eabi/4.9.3/armv6-m/libgcc.a(_thumb1_case_uqi.o)
 .ARM.attributes
                0x000000000000053a       0x1e /usr/lib/gcc/arm-none-eabi/4.9.3/armv6-m/libgcc.a(_udivsi3.o)
 .ARM.attributes
                0x0000000000000558       0x1e /usr/lib/gcc/arm-none-eabi/4.9.3/armv6-m/libgcc.a(_dvmd_tls.o)
 .ARM.attributes
                0x0000000000000576       0x2c /usr/lib/gcc/arm-none-eabi/4.9.3/../../../arm-none-eabi/lib/armv6-m/libc_nano.a(lib_a-memcpy.o)
 .ARM.attributes
                0x00000000000005a2       0x2c /usr/lib/gcc/arm-none-eabi/4.9.3/armv6-m/crtend.o
 .ARM.attributes
                0x00000000000005ce       0x1e /usr/lib/gcc/arm-none-eabi/4.9.3/armv6-m/crtn.o

.comment        0x0000000000000000       0xe0
 .comment       0x0000000000000000       0x38 /usr/lib/gcc/arm-none-eabi/4.9.3/armv6-m/crtbegin.o
                                         0x39 (size before relaxing)
 .comment       0x0000000000000038       0x38 /usr/lib/gcc/arm-none-eabi/4.9.3/../../../arm-none-eabi/lib/armv6-m/libc_nano.a(lib_a-atexit.o)
                                         0x39 (size before relaxing)
 .comment       0x0000000000000070       0x39 /usr/lib/gcc/arm-none-eabi/4.9.3/../../../arm-none-eabi/lib/armv6-m/libc_nano.a(lib_a-exit.o)
 .comment       0x0000000000000070       0x39 /usr/lib/gcc/arm-none-eabi/4.9.3/../../../arm-none-eabi/lib/armv6-m/libc_nano.a(lib_a-fini.o)
 .comment       0x0000000000000070       0x39 /usr/lib/gcc/arm-none-eabi/4.9.3/../../../arm-none-eabi/lib/armv6-m/libc_nano.a(lib_a-impure.o)
 .comment       0x0000000000000070       0x39 /usr/lib/gcc/arm-none-eabi/4.9.3/../../../arm-none-eabi/lib/armv6-m/libc_nano.a(lib_a-init.o)
 .comment       0x0000000000000070       0x39 /usr/lib/gcc/arm-none-eabi/4.9.3/../../../arm-none-eabi/lib/armv6-m/libc_nano.a(lib_a-memset.o)
 .comment       0x0000000000000070       0x39 /usr/lib/gcc/arm-none-eabi/4.9.3/../../../arm-none-eabi/lib/armv6-m/libc_nano.a(lib_a-__atexit.o)
 .comment       0x0000000000000070       0x39 /usr/lib/gcc/arm-none-eabi/4.9.3/../../../arm-none-eabi/lib/armv6-m/libc_nano.a(lib_a-__call_atexit.o)
 .comment       0x0000000000000070       0x39 /usr/lib/gcc/arm-none-eabi/4.9.3/../../../arm-none-eabi/lib/armv6-m/libnosys.a(_exit.o)
 .comment       0x0000000000000070       0x39 _build/system_nrf51.o
 .comment       0x0000000000000070       0x39 _build/main.o
 .comment       0x0000000000000070       0x39 _build/nrf_drv_clock.o
 .comment       0x0000000000000070       0x39 _build/app_util_platform.o
 .comment       0x0000000000000070       0x39 _build/nrf_drv_common.o
 .comment       0x0000000000000070       0x39 _build/nrf_drv_rtc.o
 .comment       0x0000000000000070       0x70 /home/rindy/Desktop/nRF5_SDK_11/components/properitary_rf/gzll/gcc/gzll_gcc.a(nrf_gzll.o)
                                         0x71 (size before relaxing)
 .comment       0x00000000000000e0       0x71 /home/rindy/Desktop/nRF5_SDK_11/components/properitary_rf/gzll/gcc/gzll_gcc.a(nrf_impala.o)
 .comment       0x00000000000000e0       0x71 /home/rindy/Desktop/nRF5_SDK_11/components/properitary_rf/gzll/gcc/gzll_gcc.a(nrf_link_core.o)
 .comment       0x00000000000000e0       0x71 /home/rindy/Desktop/nRF5_SDK_11/components/properitary_rf/gzll/gcc/gzll_gcc.a(nrf_notification_manager.o)
 .comment       0x00000000000000e0       0x71 /home/rindy/Desktop/nRF5_SDK_11/components/properitary_rf/gzll/gcc/gzll_gcc.a(nrf_packet_manager.o)
 .comment       0x00000000000000e0       0x71 /home/rindy/Desktop/nRF5_SDK_11/components/properitary_rf/gzll/gcc/gzll_gcc.a(nrf_state_machine.o)
 .comment       0x00000000000000e0       0x71 /home/rindy/Desktop/nRF5_SDK_11/components/properitary_rf/gzll/gcc/gzll_gcc.a(nrf_assert_internal.o)
 .comment       0x00000000000000e0       0x71 /home/rindy/Desktop/nRF5_SDK_11/components/properitary_rf/gzll/gcc/gzll_gcc.a(nrf_channel_manager.o)
 .comment       0x00000000000000e0       0x71 /home/rindy/Desktop/nRF5_SDK_11/components/properitary_rf/gzll/gcc/gzll_gcc.a(nrf_fifo.o)
 .comment       0x00000000000000e0       0x71 /home/rindy/Desktop/nRF5_SDK_11/components/properitary_rf/gzll/gcc/gzll_gcc.a(nrf_flywheel.o)
 .comment       0x00000000000000e0       0x39 /usr/lib/gcc/arm-none-eabi/4.9.3/../../../arm-none-eabi/lib/armv6-m/libc_nano.a(lib_a-memcpy.o)
 .comment       0x00000000000000e0       0x39 /usr/lib/gcc/arm-none-eabi/4.9.3/armv6-m/crtend.o

.debug_line     0x0000000000000000     0x32a2
 .debug_line    0x0000000000000000       0x80 /usr/lib/gcc/arm-none-eabi/4.9.3/../../../arm-none-eabi/lib/armv6-m/crt0.o
 .debug_line    0x0000000000000080       0xc3 /usr/lib/gcc/arm-none-eabi/4.9.3/../../../arm-none-eabi/lib/armv6-m/libc_nano.a(lib_a-atexit.o)
 .debug_line    0x0000000000000143      0x169 /usr/lib/gcc/arm-none-eabi/4.9.3/../../../arm-none-eabi/lib/armv6-m/libc_nano.a(lib_a-exit.o)
 .debug_line    0x00000000000002ac       0x9b /usr/lib/gcc/arm-none-eabi/4.9.3/../../../arm-none-eabi/lib/armv6-m/libc_nano.a(lib_a-fini.o)
 .debug_line    0x0000000000000347       0xf1 /usr/lib/gcc/arm-none-eabi/4.9.3/../../../arm-none-eabi/lib/armv6-m/libc_nano.a(lib_a-impure.o)
 .debug_line    0x0000000000000438       0xb5 /usr/lib/gcc/arm-none-eabi/4.9.3/../../../arm-none-eabi/lib/armv6-m/libc_nano.a(lib_a-init.o)
 .debug_line    0x00000000000004ed       0xed /usr/lib/gcc/arm-none-eabi/4.9.3/../../../arm-none-eabi/lib/armv6-m/libc_nano.a(lib_a-memset.o)
 .debug_line    0x00000000000005da      0x17e /usr/lib/gcc/arm-none-eabi/4.9.3/../../../arm-none-eabi/lib/armv6-m/libc_nano.a(lib_a-__atexit.o)
 .debug_line    0x0000000000000758      0x172 /usr/lib/gcc/arm-none-eabi/4.9.3/../../../arm-none-eabi/lib/armv6-m/libc_nano.a(lib_a-__call_atexit.o)
 .debug_line    0x00000000000008ca       0x5d /usr/lib/gcc/arm-none-eabi/4.9.3/../../../arm-none-eabi/lib/armv6-m/libnosys.a(_exit.o)
 .debug_line    0x0000000000000927      0x2a9 _build/system_nrf51.o
 .debug_line    0x0000000000000bd0      0x89e _build/main.o
 .debug_line    0x000000000000146e      0x851 _build/nrf_drv_clock.o
 .debug_line    0x0000000000001cbf      0x48f _build/app_util_platform.o
 .debug_line    0x000000000000214e      0x558 _build/nrf_drv_common.o
 .debug_line    0x00000000000026a6      0x9db _build/nrf_drv_rtc.o
 .debug_line    0x0000000000003081       0x66 /usr/lib/gcc/arm-none-eabi/4.9.3/armv6-m/libgcc.a(_thumb1_case_uqi.o)
 .debug_line    0x00000000000030e7       0x6c /usr/lib/gcc/arm-none-eabi/4.9.3/armv6-m/libgcc.a(_udivsi3.o)
 .debug_line    0x0000000000003153       0x5e /usr/lib/gcc/arm-none-eabi/4.9.3/armv6-m/libgcc.a(_dvmd_tls.o)
 .debug_line    0x00000000000031b1       0xf1 /usr/lib/gcc/arm-none-eabi/4.9.3/../../../arm-none-eabi/lib/armv6-m/libc_nano.a(lib_a-memcpy.o)

.debug_info     0x0000000000000000     0x646c
 .debug_info    0x0000000000000000       0xa8 /usr/lib/gcc/arm-none-eabi/4.9.3/../../../arm-none-eabi/lib/armv6-m/crt0.o
 .debug_info    0x00000000000000a8      0x10a /usr/lib/gcc/arm-none-eabi/4.9.3/../../../arm-none-eabi/lib/armv6-m/libc_nano.a(lib_a-atexit.o)
 .debug_info    0x00000000000001b2      0x7a6 /usr/lib/gcc/arm-none-eabi/4.9.3/../../../arm-none-eabi/lib/armv6-m/libc_nano.a(lib_a-exit.o)
 .debug_info    0x0000000000000958       0xeb /usr/lib/gcc/arm-none-eabi/4.9.3/../../../arm-none-eabi/lib/armv6-m/libc_nano.a(lib_a-fini.o)
 .debug_info    0x0000000000000a43      0x7d3 /usr/lib/gcc/arm-none-eabi/4.9.3/../../../arm-none-eabi/lib/armv6-m/libc_nano.a(lib_a-impure.o)
 .debug_info    0x0000000000001216      0x105 /usr/lib/gcc/arm-none-eabi/4.9.3/../../../arm-none-eabi/lib/armv6-m/libc_nano.a(lib_a-init.o)
 .debug_info    0x000000000000131b       0xd3 /usr/lib/gcc/arm-none-eabi/4.9.3/../../../arm-none-eabi/lib/armv6-m/libc_nano.a(lib_a-memset.o)
 .debug_info    0x00000000000013ee      0x23b /usr/lib/gcc/arm-none-eabi/4.9.3/../../../arm-none-eabi/lib/armv6-m/libc_nano.a(lib_a-__atexit.o)
 .debug_info    0x0000000000001629      0x242 /usr/lib/gcc/arm-none-eabi/4.9.3/../../../arm-none-eabi/lib/armv6-m/libc_nano.a(lib_a-__call_atexit.o)
 .debug_info    0x000000000000186b       0x58 /usr/lib/gcc/arm-none-eabi/4.9.3/../../../arm-none-eabi/lib/armv6-m/libnosys.a(_exit.o)
 .debug_info    0x00000000000018c3      0x1d9 _build/system_nrf51.o
 .debug_info    0x0000000000001a9c     0x1b1c _build/main.o
 .debug_info    0x00000000000035b8      0xfa8 _build/nrf_drv_clock.o
 .debug_info    0x0000000000004560      0x1c1 _build/app_util_platform.o
 .debug_info    0x0000000000004721      0x42d _build/nrf_drv_common.o
 .debug_info    0x0000000000004b4e     0x15f1 _build/nrf_drv_rtc.o
 .debug_info    0x000000000000613f       0xb9 /usr/lib/gcc/arm-none-eabi/4.9.3/armv6-m/libgcc.a(_thumb1_case_uqi.o)
 .debug_info    0x00000000000061f8       0xb9 /usr/lib/gcc/arm-none-eabi/4.9.3/armv6-m/libgcc.a(_udivsi3.o)
 .debug_info    0x00000000000062b1       0xb9 /usr/lib/gcc/arm-none-eabi/4.9.3/armv6-m/libgcc.a(_dvmd_tls.o)
 .debug_info    0x000000000000636a      0x102 /usr/lib/gcc/arm-none-eabi/4.9.3/../../../arm-none-eabi/lib/armv6-m/libc_nano.a(lib_a-memcpy.o)

.debug_abbrev   0x0000000000000000     0x17a9
 .debug_abbrev  0x0000000000000000       0x14 /usr/lib/gcc/arm-none-eabi/4.9.3/../../../arm-none-eabi/lib/armv6-m/crt0.o
 .debug_abbrev  0x0000000000000014       0xb5 /usr/lib/gcc/arm-none-eabi/4.9.3/../../../arm-none-eabi/lib/armv6-m/libc_nano.a(lib_a-atexit.o)
 .debug_abbrev  0x00000000000000c9      0x18b /usr/lib/gcc/arm-none-eabi/4.9.3/../../../arm-none-eabi/lib/armv6-m/libc_nano.a(lib_a-exit.o)
 .debug_abbrev  0x0000000000000254       0xb8 /usr/lib/gcc/arm-none-eabi/4.9.3/../../../arm-none-eabi/lib/armv6-m/libc_nano.a(lib_a-fini.o)
 .debug_abbrev  0x000000000000030c      0x136 /usr/lib/gcc/arm-none-eabi/4.9.3/../../../arm-none-eabi/lib/armv6-m/libc_nano.a(lib_a-impure.o)
 .debug_abbrev  0x0000000000000442       0xba /usr/lib/gcc/arm-none-eabi/4.9.3/../../../arm-none-eabi/lib/armv6-m/libc_nano.a(lib_a-init.o)
 .debug_abbrev  0x00000000000004fc       0x8e /usr/lib/gcc/arm-none-eabi/4.9.3/../../../arm-none-eabi/lib/armv6-m/libc_nano.a(lib_a-memset.o)
 .debug_abbrev  0x000000000000058a      0x180 /usr/lib/gcc/arm-none-eabi/4.9.3/../../../arm-none-eabi/lib/armv6-m/libc_nano.a(lib_a-__atexit.o)
 .debug_abbrev  0x000000000000070a      0x16d /usr/lib/gcc/arm-none-eabi/4.9.3/../../../arm-none-eabi/lib/armv6-m/libc_nano.a(lib_a-__call_atexit.o)
 .debug_abbrev  0x0000000000000877       0x55 /usr/lib/gcc/arm-none-eabi/4.9.3/../../../arm-none-eabi/lib/armv6-m/libnosys.a(_exit.o)
 .debug_abbrev  0x00000000000008cc       0xfc _build/system_nrf51.o
 .debug_abbrev  0x00000000000009c8      0x36f _build/main.o
 .debug_abbrev  0x0000000000000d37      0x3cb _build/nrf_drv_clock.o
 .debug_abbrev  0x0000000000001102       0xeb _build/app_util_platform.o
 .debug_abbrev  0x00000000000011ed      0x16c _build/nrf_drv_common.o
 .debug_abbrev  0x0000000000001359      0x370 _build/nrf_drv_rtc.o
 .debug_abbrev  0x00000000000016c9       0x14 /usr/lib/gcc/arm-none-eabi/4.9.3/armv6-m/libgcc.a(_thumb1_case_uqi.o)
 .debug_abbrev  0x00000000000016dd       0x14 /usr/lib/gcc/arm-none-eabi/4.9.3/armv6-m/libgcc.a(_udivsi3.o)
 .debug_abbrev  0x00000000000016f1       0x14 /usr/lib/gcc/arm-none-eabi/4.9.3/armv6-m/libgcc.a(_dvmd_tls.o)
 .debug_abbrev  0x0000000000001705       0xa4 /usr/lib/gcc/arm-none-eabi/4.9.3/../../../arm-none-eabi/lib/armv6-m/libc_nano.a(lib_a-memcpy.o)

.debug_aranges  0x0000000000000000      0x390
 .debug_aranges
                0x0000000000000000       0x20 /usr/lib/gcc/arm-none-eabi/4.9.3/../../../arm-none-eabi/lib/armv6-m/crt0.o
 .debug_aranges
                0x0000000000000020       0x20 /usr/lib/gcc/arm-none-eabi/4.9.3/../../../arm-none-eabi/lib/armv6-m/libc_nano.a(lib_a-atexit.o)
 .debug_aranges
                0x0000000000000040       0x20 /usr/lib/gcc/arm-none-eabi/4.9.3/../../../arm-none-eabi/lib/armv6-m/libc_nano.a(lib_a-exit.o)
 .debug_aranges
                0x0000000000000060       0x20 /usr/lib/gcc/arm-none-eabi/4.9.3/../../../arm-none-eabi/lib/armv6-m/libc_nano.a(lib_a-fini.o)
 .debug_aranges
                0x0000000000000080       0x18 /usr/lib/gcc/arm-none-eabi/4.9.3/../../../arm-none-eabi/lib/armv6-m/libc_nano.a(lib_a-impure.o)
 .debug_aranges
                0x0000000000000098       0x20 /usr/lib/gcc/arm-none-eabi/4.9.3/../../../arm-none-eabi/lib/armv6-m/libc_nano.a(lib_a-init.o)
 .debug_aranges
                0x00000000000000b8       0x20 /usr/lib/gcc/arm-none-eabi/4.9.3/../../../arm-none-eabi/lib/armv6-m/libc_nano.a(lib_a-memset.o)
 .debug_aranges
                0x00000000000000d8       0x20 /usr/lib/gcc/arm-none-eabi/4.9.3/../../../arm-none-eabi/lib/armv6-m/libc_nano.a(lib_a-__atexit.o)
 .debug_aranges
                0x00000000000000f8       0x20 /usr/lib/gcc/arm-none-eabi/4.9.3/../../../arm-none-eabi/lib/armv6-m/libc_nano.a(lib_a-__call_atexit.o)
 .debug_aranges
                0x0000000000000118       0x20 /usr/lib/gcc/arm-none-eabi/4.9.3/../../../arm-none-eabi/lib/armv6-m/libnosys.a(_exit.o)
 .debug_aranges
                0x0000000000000138       0x28 _build/system_nrf51.o
 .debug_aranges
                0x0000000000000160       0x60 _build/main.o
 .debug_aranges
                0x00000000000001c0       0x78 _build/nrf_drv_clock.o
 .debug_aranges
                0x0000000000000238       0x38 _build/app_util_platform.o
 .debug_aranges
                0x0000000000000270       0x20 _build/nrf_drv_common.o
 .debug_aranges
                0x0000000000000290       0x80 _build/nrf_drv_rtc.o
 .debug_aranges
                0x0000000000000310       0x20 /usr/lib/gcc/arm-none-eabi/4.9.3/armv6-m/libgcc.a(_thumb1_case_uqi.o)
 .debug_aranges
                0x0000000000000330       0x20 /usr/lib/gcc/arm-none-eabi/4.9.3/armv6-m/libgcc.a(_udivsi3.o)
 .debug_aranges
                0x0000000000000350       0x20 /usr/lib/gcc/arm-none-eabi/4.9.3/armv6-m/libgcc.a(_dvmd_tls.o)
 .debug_aranges
                0x0000000000000370       0x20 /usr/lib/gcc/arm-none-eabi/4.9.3/../../../arm-none-eabi/lib/armv6-m/libc_nano.a(lib_a-memcpy.o)

.debug_loc      0x0000000000000000     0x1cc1
 .debug_loc     0x0000000000000000       0x2c /usr/lib/gcc/arm-none-eabi/4.9.3/../../../arm-none-eabi/lib/armv6-m/libc_nano.a(lib_a-atexit.o)
 .debug_loc     0x000000000000002c       0x1e /usr/lib/gcc/arm-none-eabi/4.9.3/../../../arm-none-eabi/lib/armv6-m/libc_nano.a(lib_a-exit.o)
 .debug_loc     0x000000000000004a       0x2b /usr/lib/gcc/arm-none-eabi/4.9.3/../../../arm-none-eabi/lib/armv6-m/libc_nano.a(lib_a-fini.o)
 .debug_loc     0x0000000000000075       0x3c /usr/lib/gcc/arm-none-eabi/4.9.3/../../../arm-none-eabi/lib/armv6-m/libc_nano.a(lib_a-init.o)
 .debug_loc     0x00000000000000b1       0x87 /usr/lib/gcc/arm-none-eabi/4.9.3/../../../arm-none-eabi/lib/armv6-m/libc_nano.a(lib_a-memset.o)
 .debug_loc     0x0000000000000138      0x198 /usr/lib/gcc/arm-none-eabi/4.9.3/../../../arm-none-eabi/lib/armv6-m/libc_nano.a(lib_a-__atexit.o)
 .debug_loc     0x00000000000002d0      0x18c /usr/lib/gcc/arm-none-eabi/4.9.3/../../../arm-none-eabi/lib/armv6-m/libc_nano.a(lib_a-__call_atexit.o)
 .debug_loc     0x000000000000045c       0xa0 _build/main.o
 .debug_loc     0x00000000000004fc      0x22a _build/nrf_drv_clock.o
 .debug_loc     0x0000000000000726       0xa2 _build/nrf_drv_common.o
 .debug_loc     0x00000000000007c8     0x142a _build/nrf_drv_rtc.o
 .debug_loc     0x0000000000001bf2       0xcf /usr/lib/gcc/arm-none-eabi/4.9.3/../../../arm-none-eabi/lib/armv6-m/libc_nano.a(lib_a-memcpy.o)

.debug_ranges   0x0000000000000000      0x838
 .debug_ranges  0x0000000000000000       0x10 /usr/lib/gcc/arm-none-eabi/4.9.3/../../../arm-none-eabi/lib/armv6-m/libc_nano.a(lib_a-atexit.o)
 .debug_ranges  0x0000000000000010       0x10 /usr/lib/gcc/arm-none-eabi/4.9.3/../../../arm-none-eabi/lib/armv6-m/libc_nano.a(lib_a-exit.o)
 .debug_ranges  0x0000000000000020       0x10 /usr/lib/gcc/arm-none-eabi/4.9.3/../../../arm-none-eabi/lib/armv6-m/libc_nano.a(lib_a-fini.o)
 .debug_ranges  0x0000000000000030       0x10 /usr/lib/gcc/arm-none-eabi/4.9.3/../../../arm-none-eabi/lib/armv6-m/libc_nano.a(lib_a-init.o)
 .debug_ranges  0x0000000000000040       0x10 /usr/lib/gcc/arm-none-eabi/4.9.3/../../../arm-none-eabi/lib/armv6-m/libc_nano.a(lib_a-memset.o)
 .debug_ranges  0x0000000000000050       0x10 /usr/lib/gcc/arm-none-eabi/4.9.3/../../../arm-none-eabi/lib/armv6-m/libc_nano.a(lib_a-__atexit.o)
 .debug_ranges  0x0000000000000060       0x10 /usr/lib/gcc/arm-none-eabi/4.9.3/../../../arm-none-eabi/lib/armv6-m/libc_nano.a(lib_a-__call_atexit.o)
 .debug_ranges  0x0000000000000070       0x10 /usr/lib/gcc/arm-none-eabi/4.9.3/../../../arm-none-eabi/lib/armv6-m/libnosys.a(_exit.o)
 .debug_ranges  0x0000000000000080       0x78 _build/system_nrf51.o
 .debug_ranges  0x00000000000000f8       0x80 _build/main.o
 .debug_ranges  0x0000000000000178      0x2b8 _build/nrf_drv_clock.o
 .debug_ranges  0x0000000000000430       0x40 _build/app_util_platform.o
 .debug_ranges  0x0000000000000470       0x28 _build/nrf_drv_common.o
 .debug_ranges  0x0000000000000498      0x390 _build/nrf_drv_rtc.o
 .debug_ranges  0x0000000000000828       0x10 /usr/lib/gcc/arm-none-eabi/4.9.3/../../../arm-none-eabi/lib/armv6-m/libc_nano.a(lib_a-memcpy.o)

.debug_str      0x0000000000000000    0x36f2a
 .debug_str     0x0000000000000000      0x181 /usr/lib/gcc/arm-none-eabi/4.9.3/../../../arm-none-eabi/lib/armv6-m/libc_nano.a(lib_a-atexit.o)
                                        0x211 (size before relaxing)
 .debug_str     0x0000000000000181      0x359 /usr/lib/gcc/arm-none-eabi/4.9.3/../../../arm-none-eabi/lib/armv6-m/libc_nano.a(lib_a-exit.o)
                                        0x546 (size before relaxing)
 .debug_str     0x00000000000004da       0xce /usr/lib/gcc/arm-none-eabi/4.9.3/../../../arm-none-eabi/lib/armv6-m/libc_nano.a(lib_a-fini.o)
                                        0x209 (size before relaxing)
 .debug_str     0x00000000000005a8       0xe1 /usr/lib/gcc/arm-none-eabi/4.9.3/../../../arm-none-eabi/lib/armv6-m/libc_nano.a(lib_a-impure.o)
                                        0x57c (size before relaxing)
 .debug_str     0x0000000000000689       0x8a /usr/lib/gcc/arm-none-eabi/4.9.3/../../../arm-none-eabi/lib/armv6-m/libc_nano.a(lib_a-init.o)
                                        0x233 (size before relaxing)
 .debug_str     0x0000000000000713       0x9f /usr/lib/gcc/arm-none-eabi/4.9.3/../../../arm-none-eabi/lib/armv6-m/libc_nano.a(lib_a-memset.o)
                                        0x1d4 (size before relaxing)
 .debug_str     0x00000000000007b2       0xb4 /usr/lib/gcc/arm-none-eabi/4.9.3/../../../arm-none-eabi/lib/armv6-m/libc_nano.a(lib_a-__atexit.o)
                                        0x2b7 (size before relaxing)
 .debug_str     0x0000000000000866       0x56 /usr/lib/gcc/arm-none-eabi/4.9.3/../../../arm-none-eabi/lib/armv6-m/libc_nano.a(lib_a-__call_atexit.o)
                                        0x27d (size before relaxing)
 .debug_str     0x00000000000008bc       0xfd /usr/lib/gcc/arm-none-eabi/4.9.3/../../../arm-none-eabi/lib/armv6-m/libnosys.a(_exit.o)
                                        0x103 (size before relaxing)
 .debug_str     0x00000000000009b9    0x2ee0d _build/system_nrf51.o
                                      0x2ef8e (size before relaxing)
 .debug_str     0x000000000002f7c6     0x6772 _build/main.o
                                      0x356e1 (size before relaxing)
 .debug_str     0x0000000000035f38      0xa03 _build/nrf_drv_clock.o
                                      0x34694 (size before relaxing)
 .debug_str     0x000000000003693b       0xb0 _build/app_util_platform.o
                                      0x33846 (size before relaxing)
 .debug_str     0x00000000000369eb       0x95 _build/nrf_drv_common.o
                                      0x33cbd (size before relaxing)
 .debug_str     0x0000000000036a80      0x461 _build/nrf_drv_rtc.o
                                      0x34729 (size before relaxing)
 .debug_str     0x0000000000036ee1       0x49 /usr/lib/gcc/arm-none-eabi/4.9.3/../../../arm-none-eabi/lib/armv6-m/libc_nano.a(lib_a-memcpy.o)
                                        0x1e8 (size before relaxing)

.debug_frame    0x0000000000000000      0x570
 .debug_frame   0x0000000000000000       0x28 /usr/lib/gcc/arm-none-eabi/4.9.3/../../../arm-none-eabi/lib/armv6-m/libc_nano.a(lib_a-atexit.o)
 .debug_frame   0x0000000000000028       0x28 /usr/lib/gcc/arm-none-eabi/4.9.3/../../../arm-none-eabi/lib/armv6-m/libc_nano.a(lib_a-exit.o)
 .debug_frame   0x0000000000000050       0x2c /usr/lib/gcc/arm-none-eabi/4.9.3/../../../arm-none-eabi/lib/armv6-m/libc_nano.a(lib_a-fini.o)
 .debug_frame   0x000000000000007c       0x2c /usr/lib/gcc/arm-none-eabi/4.9.3/../../../arm-none-eabi/lib/armv6-m/libc_nano.a(lib_a-init.o)
 .debug_frame   0x00000000000000a8       0x20 /usr/lib/gcc/arm-none-eabi/4.9.3/../../../arm-none-eabi/lib/armv6-m/libc_nano.a(lib_a-memset.o)
 .debug_frame   0x00000000000000c8       0x34 /usr/lib/gcc/arm-none-eabi/4.9.3/../../../arm-none-eabi/lib/armv6-m/libc_nano.a(lib_a-__atexit.o)
 .debug_frame   0x00000000000000fc       0x30 /usr/lib/gcc/arm-none-eabi/4.9.3/../../../arm-none-eabi/lib/armv6-m/libc_nano.a(lib_a-__call_atexit.o)
 .debug_frame   0x000000000000012c       0x20 /usr/lib/gcc/arm-none-eabi/4.9.3/../../../arm-none-eabi/lib/armv6-m/libnosys.a(_exit.o)
 .debug_frame   0x000000000000014c       0x30 _build/system_nrf51.o
 .debug_frame   0x000000000000017c       0xf0 _build/main.o
 .debug_frame   0x000000000000026c      0x10c _build/nrf_drv_clock.o
 .debug_frame   0x0000000000000378       0x50 _build/app_util_platform.o
 .debug_frame   0x00000000000003c8       0x30 _build/nrf_drv_common.o
 .debug_frame   0x00000000000003f8      0x130 _build/nrf_drv_rtc.o
 .debug_frame   0x0000000000000528       0x20 /usr/lib/gcc/arm-none-eabi/4.9.3/armv6-m/libgcc.a(_udivsi3.o)
 .debug_frame   0x0000000000000548       0x28 /usr/lib/gcc/arm-none-eabi/4.9.3/../../../arm-none-eabi/lib/armv6-m/libc_nano.a(lib_a-memcpy.o)

.debug_macro    0x0000000000000000     0xb177
 .debug_macro   0x0000000000000000       0xd0 _build/system_nrf51.o
 .debug_macro   0x00000000000000d0      0x83e _build/system_nrf51.o
 .debug_macro   0x000000000000090e       0x22 _build/system_nrf51.o
 .debug_macro   0x0000000000000930       0x44 _build/system_nrf51.o
 .debug_macro   0x0000000000000974       0xe3 _build/system_nrf51.o
 .debug_macro   0x0000000000000a57       0x22 _build/system_nrf51.o
 .debug_macro   0x0000000000000a79      0x1df _build/system_nrf51.o
 .debug_macro   0x0000000000000c58       0x22 _build/system_nrf51.o
 .debug_macro   0x0000000000000c7a       0x1c _build/system_nrf51.o
 .debug_macro   0x0000000000000c96       0x22 _build/system_nrf51.o
 .debug_macro   0x0000000000000cb8       0x3a _build/system_nrf51.o
 .debug_macro   0x0000000000000cf2       0x26 _build/system_nrf51.o
 .debug_macro   0x0000000000000d18      0x30d _build/system_nrf51.o
 .debug_macro   0x0000000000001025      0x1d2 _build/system_nrf51.o
 .debug_macro   0x00000000000011f7     0x745a _build/system_nrf51.o
 .debug_macro   0x0000000000008651      0x976 _build/system_nrf51.o
 .debug_macro   0x0000000000008fc7       0x1c _build/system_nrf51.o
 .debug_macro   0x0000000000008fe3      0x2cc _build/main.o
 .debug_macro   0x00000000000092af      0x26a _build/main.o
 .debug_macro   0x0000000000009519       0x7c _build/main.o
 .debug_macro   0x0000000000009595       0x34 _build/main.o
 .debug_macro   0x00000000000095c9      0x150 _build/main.o
 .debug_macro   0x0000000000009719       0x10 _build/main.o
 .debug_macro   0x0000000000009729       0x8e _build/main.o
 .debug_macro   0x00000000000097b7       0x70 _build/main.o
 .debug_macro   0x0000000000009827       0x58 _build/main.o
 .debug_macro   0x000000000000987f       0x35 _build/main.o
 .debug_macro   0x00000000000098b4       0x9c _build/main.o
 .debug_macro   0x0000000000009950       0x16 _build/main.o
 .debug_macro   0x0000000000009966       0x97 _build/main.o
 .debug_macro   0x00000000000099fd      0x29d _build/main.o
 .debug_macro   0x0000000000009c9a       0xef _build/main.o
 .debug_macro   0x0000000000009d89       0x10 _build/main.o
 .debug_macro   0x0000000000009d99       0x52 _build/main.o
 .debug_macro   0x0000000000009deb       0x16 _build/main.o
 .debug_macro   0x0000000000009e01       0x43 _build/main.o
 .debug_macro   0x0000000000009e44      0x180 _build/main.o
 .debug_macro   0x0000000000009fc4       0x10 _build/main.o
 .debug_macro   0x0000000000009fd4       0x22 _build/main.o
 .debug_macro   0x0000000000009ff6       0xbe _build/main.o
 .debug_macro   0x000000000000a0b4       0x16 _build/main.o
 .debug_macro   0x000000000000a0ca      0x197 _build/main.o
 .debug_macro   0x000000000000a261      0x11e _build/main.o
 .debug_macro   0x000000000000a37f       0x52 _build/main.o
 .debug_macro   0x000000000000a3d1       0x67 _build/main.o
 .debug_macro   0x000000000000a438       0xbb _build/main.o
 .debug_macro   0x000000000000a4f3       0x2b _build/main.o
 .debug_macro   0x000000000000a51e       0x10 _build/main.o
 .debug_macro   0x000000000000a52e       0x10 _build/main.o
 .debug_macro   0x000000000000a53e       0x22 _build/main.o
 .debug_macro   0x000000000000a560       0x16 _build/main.o
 .debug_macro   0x000000000000a576      0x2a3 _build/nrf_drv_clock.o
 .debug_macro   0x000000000000a819       0x5b _build/nrf_drv_clock.o
 .debug_macro   0x000000000000a874      0x225 _build/app_util_platform.o
 .debug_macro   0x000000000000aa99       0x6d _build/app_util_platform.o
 .debug_macro   0x000000000000ab06      0x25a _build/nrf_drv_common.o
 .debug_macro   0x000000000000ad60      0x166 _build/nrf_drv_common.o
 .debug_macro   0x000000000000aec6       0x35 _build/nrf_drv_common.o
 .debug_macro   0x000000000000aefb      0x27c _build/nrf_drv_rtc.o
